<xml-fragment attr1="a1" xmlns:java="http://xml.apache.org/xslt/java" xmlns:ext="http://somebody.elses.extension"/>