<xml-fragment xmlns:java="http://xml.apache.org/xslt/java" xmlns:ext="http://somebody.elses.extension">
    </xml-fragment>