<xml-fragment test="test" xmlns:ext="http://somebody.elses.extension"/>