<xml-fragment xmlns:ext="http://somebody.elses.extension"/>