<b attr1="a1" attr2="a2" xmlns:java="http://xml.apache.org/xslt/java" xmlns:ext="http://somebody.elses.extension">
  <a/>
</b>